// Jest Snapshot v1, https://goo.gl/fbAQLP

exports[`ConsumptionReport.vue has the expected html structure 1`] = `<!---->`;
